
> defensive-monitor-frontend@0.0.0 build
> vite build

[36mvite v5.4.21 [32mbuilding for production...[36m[39m
transforming...
[32mΓ£ô[39m 2653 modules transformed.
node.exe : [31mx[39m Build 
failed in 3.80s
At C:\Program 
Files\nodejs\npm.ps1:29 
char:3
+   & $NODE_EXE $NPM_CLI_JS 
$args
+   
~~~~~~~~~~~~~~~~~~~~~~~~~~~~~
    + CategoryInfo           
   : NotSpecified: ([31mx  
  [39m Build failed in 3.8   
 0s:String) [], RemoteExc    
eption
    + FullyQualifiedErrorId  
   : NativeCommandError
 
[31merror during build:
[31msrc/pages/Settings.jsx 
(3:52): "Slider" is not 
exported by "node_modules/luc
ide-react/dist/esm/lucide-rea
ct.js", imported by "src/page
s/Settings.jsx".[31m
file: [36mC:/Users/venka/.ge
mini/antigravity/scratch/defe
nsive-rootkit-monitor/fronten
d/src/pages/Settings.jsx:3:52
[31m
[33m
1: 
2: import React from 'react';
3: import { Settings as 
SettingsIcon, Save, 
RefreshCw, Slider, Sliders } 
from 'lucide-react';
                             
                          ^
4: 
5: export function 
Settings() {
[31m
    at getRollupError (file:/
//C:/Users/venka/.gemini/anti
gravity/scratch/defensive-roo
tkit-monitor/frontend/node_mo
dules/rollup/dist/es/shared/p
arseAst.js:401:41)
    at error (file:///C:/User
s/venka/.gemini/antigravity/s
cratch/defensive-rootkit-moni
tor/frontend/node_modules/rol
lup/dist/es/shared/parseAst.j
s:397:42)
    at Module.error (file:///
C:/Users/venka/.gemini/antigr
avity/scratch/defensive-rootk
it-monitor/frontend/node_modu
les/rollup/dist/es/shared/nod
e-entry.js:16956:16)
    at Module.traceVariable (
file:///C:/Users/venka/.gemin
i/antigravity/scratch/defensi
ve-rootkit-monitor/frontend/n
ode_modules/rollup/dist/es/sh
ared/node-entry.js:17412:29)
    at 
ModuleScope.findVariable (fil
e:///C:/Users/venka/.gemini/a
ntigravity/scratch/defensive-
rootkit-monitor/frontend/node
_modules/rollup/dist/es/share
d/node-entry.js:15076:39)
    at 
FunctionScope.findVariable (f
ile:///C:/Users/venka/.gemini
/antigravity/scratch/defensiv
e-rootkit-monitor/frontend/no
de_modules/rollup/dist/es/sha
red/node-entry.js:5649:38)
    at FunctionBodyScope.find
Variable (file:///C:/Users/ve
nka/.gemini/antigravity/scrat
ch/defensive-rootkit-monitor/
frontend/node_modules/rollup/
dist/es/shared/node-entry.js:
5649:38)
    at Identifier.bind (file:
///C:/Users/venka/.gemini/ant
igravity/scratch/defensive-ro
otkit-monitor/frontend/node_m
odules/rollup/dist/es/shared/
node-entry.js:5423:40)
    at CallExpression.bind (f
ile:///C:/Users/venka/.gemini
/antigravity/scratch/defensiv
e-rootkit-monitor/frontend/no
de_modules/rollup/dist/es/sha
red/node-entry.js:2809:28)
    at CallExpression.bind (f
ile:///C:/Users/venka/.gemini
/antigravity/scratch/defensiv
e-rootkit-monitor/frontend/no
de_modules/rollup/dist/es/sha
red/node-entry.js:12123:15)[
39m
